Removed Member From Class: ClassName=Designator Member=ANT*1
Remove Class Member: Failed to remove class member
Remove Class Member: Failed to remove class member
Remove Class Member: Failed to remove class member
Remove Class Member: Failed to remove class member
Remove Class Member: Failed to remove class member
Change Component Footprint: Designator=C45 Old Footprint=CAPC1005X55X25LL05T10 New Footprint=FP-GCM155-0_05-IPC_B
Change Component Footprint: Designator=C43 Old Footprint=FP-GJM155-0_05-MFG New Footprint=FP-GRM155-0_05-MFG
Change Component Footprint: Designator=J2 Old Footprint=FP-RF2-04A-T-00-50-G-MFG New Footprint=FP-SMA-J-P-H-ST-EM1-MFG
Change Component Footprint: Designator=J3 Old Footprint=FP-RF2-04A-T-00-50-G-MFG New Footprint=FP-SMA-J-P-H-ST-EM1-MFG
Change Component Comment : Designator=C43 Old Comment=GJM1555C1H150GB01D New Comment=GRM1555C1H120GA01D
Change Component Comment : Designator=C45 Old Comment=GRM1555C1H220JA01J New Comment=GCM1555C1H620GA16J
Change Component Comment : Designator=C49 Old Comment=GRM1555C1H270JA01D New Comment=1
Change Component Comment : Designator=J2 Old Comment=RF2-04A-T-00-50-G New Comment=SMA-J-P-H-ST-EM1
Change Component Comment : Designator=J3 Old Comment=RF2-04A-T-00-50-G New Comment=SMA-J-P-H-ST-EM1
Change Managed Component Library Link : Designator=C43 Old VaultGUID=B7D15EC3-160A-466F-A46C-7801FE6295A7 New VaultGUID=B7D15EC3-160A-466F-A46C-7801FE6295A7 Old ItemGUID=BDA26BE4-5344-409C-9F84-40FDC4B4FCC1 New ItemGUID=FFA6219A-0ACC-4E72-AA20-E374D12A34A8 Old RevisionGUID=95E3CF52-AE6A-4088-98D6-BB29CE494970 New RevisionGUID=317BC448-6F9C-4F81-A76D-FBEEEA48E2E2
Change Managed Component Library Link : Designator=C45 Old VaultGUID=B7D15EC3-160A-466F-A46C-7801FE6295A7 New VaultGUID=B7D15EC3-160A-466F-A46C-7801FE6295A7 Old ItemGUID=05B10094-F39F-42D7-B647-7DF13D4FDABF New ItemGUID=5545CF6B-0FDB-48B7-9233-40EC05AC427F Old RevisionGUID=DA96A6EE-26CA-4C8A-B295-F0CF1334418B New RevisionGUID=473AB8B6-A4CC-43A4-993B-13B0E87B09C0
Change Managed Component Library Link : Designator=J2 Old VaultGUID=B7D15EC3-160A-466F-A46C-7801FE6295A7 New VaultGUID=B7D15EC3-160A-466F-A46C-7801FE6295A7 Old ItemGUID=7ADB199D-99A6-42EB-8501-17B549C7D861 New ItemGUID=DFE65A0C-2B34-44E1-B0E0-7911B18F6473 Old RevisionGUID=C10BBE37-04AC-4B3F-B714-C4C6C1DE3786 New RevisionGUID=AAF488E0-8D0E-437B-BE1D-597F17D5B88E
Change Managed Component Library Link : Designator=J3 Old VaultGUID=B7D15EC3-160A-466F-A46C-7801FE6295A7 New VaultGUID=B7D15EC3-160A-466F-A46C-7801FE6295A7 Old ItemGUID=7ADB199D-99A6-42EB-8501-17B549C7D861 New ItemGUID=DFE65A0C-2B34-44E1-B0E0-7911B18F6473 Old RevisionGUID=C10BBE37-04AC-4B3F-B714-C4C6C1DE3786 New RevisionGUID=AAF488E0-8D0E-437B-BE1D-597F17D5B88E
Change component parameters: Designator = "C43" ("C43"); Footprint = "FP-GJM155-0_05-MFG"; UniqueID = "\VQKXRDLV\CWLNHLSI" ("\VQKXRDLV\CWLNHLSI")
Change component parameters (AddParameter): Name = "Capacitance"; Value = "12pF"; VariantName = "[No Variations]"
Change component parameters (AddParameter): Name = "Case Code (Imperial)"; Value = "0402"; VariantName = "[No Variations]"
Change component parameters (AddParameter): Name = "Case Code (Metric)"; Value = "1005"; VariantName = "[No Variations]"
Change component parameters (AddParameter): Name = "Case/Package"; Value = "0402"; VariantName = "[No Variations]"
Change component parameters (AddParameter): Name = "Construction"; Value = "Flat"; VariantName = "[No Variations]"
Change component parameters (AddParameter): Name = "Depth"; Value = "0.5mm"; VariantName = "[No Variations]"
Change component parameters (AddParameter): Name = "Dielectric"; Value = "C0G"; VariantName = "[No Variations]"
Change component parameters (AddParameter): Name = "Height"; Value = "0.5mm"; VariantName = "[No Variations]"
Change component parameters (AddParameter): Name = "Lead Free"; Value = "Lead Free"; VariantName = "[No Variations]"
Change component parameters (AddParameter): Name = "Length"; Value = "1mm"; VariantName = "[No Variations]"
Change component parameters (AddParameter): Name = "Material"; Value = "Ceramic"; VariantName = "[No Variations]"
Change component parameters (AddParameter): Name = "Max Operating Temperature"; Value = "125°C"; VariantName = "[No Variations]"
Change component parameters (AddParameter): Name = "Min Operating Temperature"; Value = "-55°C"; VariantName = "[No Variations]"
Change component parameters (AddParameter): Name = "Mount"; Value = "Surface Mount"; VariantName = "[No Variations]"
Change component parameters (AddParameter): Name = "Package Quantity"; Value = "10000"; VariantName = "[No Variations]"
Change component parameters (AddParameter): Name = "Packaging"; Value = "Tape and Reel"; VariantName = "[No Variations]"
Change component parameters (AddParameter): Name = "Radiation Hardening"; Value = "No"; VariantName = "[No Variations]"
Change component parameters (AddParameter): Name = "REACH SVHC"; Value = "No SVHC"; VariantName = "[No Variations]"
Change component parameters (AddParameter): Name = "Series"; Value = "GRM"; VariantName = "[No Variations]"
Change component parameters (AddParameter): Name = "Termination"; Value = "SMD/SMT"; VariantName = "[No Variations]"
Change component parameters (AddParameter): Name = "Thickness"; Value = "0.022inch"; VariantName = "[No Variations]"
Change component parameters (AddParameter): Name = "Tolerance"; Value = "2%"; VariantName = "[No Variations]"
Change component parameters (AddParameter): Name = "Voltage"; Value = "50V"; VariantName = "[No Variations]"
Change component parameters (AddParameter): Name = "Voltage Rating"; Value = "50V"; VariantName = "[No Variations]"
Change component parameters (AddParameter): Name = "Voltage Rating (DC)"; Value = "50V"; VariantName = "[No Variations]"
Change component parameters (AddParameter): Name = "Width"; Value = "0.5mm"; VariantName = "[No Variations]"
Change component parameters: Designator = "C45" ("C45"); Footprint = "CAPC1005X55X25LL05T10"; UniqueID = "\VQKXRDLV\ZPHFGQTQ" ("\VQKXRDLV\ZPHFGQTQ")
Change component parameters (AddParameter): Name = "Value"; Value = "62pF"; VariantName = "[No Variations]"
Change component parameters: Designator = "J2" ("J2"); Footprint = "FP-RF2-04A-T-00-50-G-MFG"; UniqueID = "\LSKLHQJV" ("\LSKLHQJV")
Change component parameters (AddParameter): Name = "Body Material"; Value = "Brass"; VariantName = "[No Variations]"
Change component parameters (AddParameter): Name = "Body Plating"; Value = "Gold"; VariantName = "[No Variations]"
Change component parameters (AddParameter): Name = "Case/Package"; Value = "SMA"; VariantName = "[No Variations]"
Change component parameters (AddParameter): Name = "Center Contact Plating"; Value = "Gold"; VariantName = "[No Variations]"
Change component parameters (AddParameter): Name = "Connector Type"; Value = "SMA"; VariantName = "[No Variations]"
Change component parameters (AddParameter): Name = "Contact Material"; Value = "Copper"; VariantName = "[No Variations]"
Change component parameters (AddParameter): Name = "Contact Plating"; Value = "Gold"; VariantName = "[No Variations]"
Change component parameters (AddParameter): Name = "Depth"; Value = "13.33mm"; VariantName = "[No Variations]"
Change component parameters (AddParameter): Name = "Dielectric Material"; Value = "PTFE"; VariantName = "[No Variations]"
Change component parameters (AddParameter): Name = "Fastening Type"; Value = "Threaded"; VariantName = "[No Variations]"
Change component parameters (AddParameter): Name = "Housing Color"; Value = "Gold"; VariantName = "[No Variations]"
Change component parameters (AddParameter): Name = "Impedance"; Value = "50R"; VariantName = "[No Variations]"
Change component parameters (AddParameter): Name = "Insulation Material"; Value = "Polytetrafluoroethylene"; VariantName = "[No Variations]"
Change component parameters (AddParameter): Name = "Length"; Value = "6.35mm"; VariantName = "[No Variations]"
Change component parameters (AddParameter): Name = "Max Frequency"; Value = "6GHz"; VariantName = "[No Variations]"
Change component parameters (AddParameter): Name = "Max Operating Temperature"; Value = "125°C"; VariantName = "[No Variations]"
Change component parameters (AddParameter): Name = "Min Operating Temperature"; Value = "-65°C"; VariantName = "[No Variations]"
Change component parameters (AddParameter): Name = "Mount"; Value = "Edge"; VariantName = "[No Variations]"
Change component parameters (AddParameter): Name = "Orientation"; Value = "Straight"; VariantName = "[No Variations]"
Change component parameters (AddParameter): Name = "Package Quantity"; Value = "1"; VariantName = "[No Variations]"
Change component parameters (AddParameter): Name = "Packaging"; Value = "Tray"; VariantName = "[No Variations]"
Change component parameters (AddParameter): Name = "Radiation Hardening"; Value = "No"; VariantName = "[No Variations]"
Change component parameters (AddParameter): Name = "RoHS Compliant"; Value = "Yes"; VariantName = "[No Variations]"
Change component parameters (AddParameter): Name = "Series"; Value = "SMA"; VariantName = "[No Variations]"
Change component parameters (AddParameter): Name = "Termination"; Value = "Solder"; VariantName = "[No Variations]"
Change component parameters (AddParameter): Name = "Voltage Rating"; Value = "335V"; VariantName = "[No Variations]"
Change component parameters: Designator = "J3" ("J3"); Footprint = "FP-RF2-04A-T-00-50-G-MFG"; UniqueID = "\OLZIIZVK" ("\OLZIIZVK")
Change component parameters (AddParameter): Name = "Body Material"; Value = "Brass"; VariantName = "[No Variations]"
Change component parameters (AddParameter): Name = "Body Plating"; Value = "Gold"; VariantName = "[No Variations]"
Change component parameters (AddParameter): Name = "Case/Package"; Value = "SMA"; VariantName = "[No Variations]"
Change component parameters (AddParameter): Name = "Center Contact Plating"; Value = "Gold"; VariantName = "[No Variations]"
Change component parameters (AddParameter): Name = "Connector Type"; Value = "SMA"; VariantName = "[No Variations]"
Change component parameters (AddParameter): Name = "Contact Material"; Value = "Copper"; VariantName = "[No Variations]"
Change component parameters (AddParameter): Name = "Contact Plating"; Value = "Gold"; VariantName = "[No Variations]"
Change component parameters (AddParameter): Name = "Depth"; Value = "13.33mm"; VariantName = "[No Variations]"
Change component parameters (AddParameter): Name = "Dielectric Material"; Value = "PTFE"; VariantName = "[No Variations]"
Change component parameters (AddParameter): Name = "Fastening Type"; Value = "Threaded"; VariantName = "[No Variations]"
Change component parameters (AddParameter): Name = "Housing Color"; Value = "Gold"; VariantName = "[No Variations]"
Change component parameters (AddParameter): Name = "Impedance"; Value = "50R"; VariantName = "[No Variations]"
Change component parameters (AddParameter): Name = "Insulation Material"; Value = "Polytetrafluoroethylene"; VariantName = "[No Variations]"
Change component parameters (AddParameter): Name = "Length"; Value = "6.35mm"; VariantName = "[No Variations]"
Change component parameters (AddParameter): Name = "Max Frequency"; Value = "6GHz"; VariantName = "[No Variations]"
Change component parameters (AddParameter): Name = "Max Operating Temperature"; Value = "125°C"; VariantName = "[No Variations]"
Change component parameters (AddParameter): Name = "Min Operating Temperature"; Value = "-65°C"; VariantName = "[No Variations]"
Change component parameters (AddParameter): Name = "Mount"; Value = "Edge"; VariantName = "[No Variations]"
Change component parameters (AddParameter): Name = "Orientation"; Value = "Straight"; VariantName = "[No Variations]"
Change component parameters (AddParameter): Name = "Package Quantity"; Value = "1"; VariantName = "[No Variations]"
Change component parameters (AddParameter): Name = "Packaging"; Value = "Tray"; VariantName = "[No Variations]"
Change component parameters (AddParameter): Name = "Radiation Hardening"; Value = "No"; VariantName = "[No Variations]"
Change component parameters (AddParameter): Name = "RoHS Compliant"; Value = "Yes"; VariantName = "[No Variations]"
Change component parameters (AddParameter): Name = "Series"; Value = "SMA"; VariantName = "[No Variations]"
Change component parameters (AddParameter): Name = "Termination"; Value = "Solder"; VariantName = "[No Variations]"
Change component parameters (AddParameter): Name = "Voltage Rating"; Value = "335V"; VariantName = "[No Variations]"
Added Component: Designator=ANT1(nfc_antenna)
Added Component: Designator=C63(CAPC1005X55X25LL05T10)
Add component (AddParameter): Name = "Manufacturer"; Value = "Murata"; VariantName = "[No Variations]"
Add component (AddParameter): Name = "Part Number"; Value = "GRM1555C1H270JA01D"; VariantName = "[No Variations]"
Added Component: Designator=C64(FP-GCM155-0_05-IPC_B)
Add component (AddParameter): Name = "Capacitance"; Value = "39nF"; VariantName = "[No Variations]"
Add component (AddParameter): Name = "Case Code (Imperial)"; Value = "0402"; VariantName = "[No Variations]"
Add component (AddParameter): Name = "Case Code (Metric)"; Value = "1005"; VariantName = "[No Variations]"
Add component (AddParameter): Name = "Case/Package"; Value = "0402"; VariantName = "[No Variations]"
Add component (AddParameter): Name = "Max Operating Temperature"; Value = "125°C"; VariantName = "[No Variations]"
Add component (AddParameter): Name = "Min Operating Temperature"; Value = "-55°C"; VariantName = "[No Variations]"
Add component (AddParameter): Name = "Mount"; Value = "Surface Mount"; VariantName = "[No Variations]"
Add component (AddParameter): Name = "Packaging"; Value = "Cut Tape"; VariantName = "[No Variations]"
Add component (AddParameter): Name = "Ratings"; Value = "AEC-Q200"; VariantName = "[No Variations]"
Add component (AddParameter): Name = "Tolerance"; Value = "10%"; VariantName = "[No Variations]"
Add component (AddParameter): Name = "Voltage Rating"; Value = "16V"; VariantName = "[No Variations]"
Added Component: Designator=C65(FP-GCM155-0_05-IPC_B)
Add component (AddParameter): Name = "Capacitance"; Value = "39nF"; VariantName = "[No Variations]"
Add component (AddParameter): Name = "Case Code (Imperial)"; Value = "0402"; VariantName = "[No Variations]"
Add component (AddParameter): Name = "Case Code (Metric)"; Value = "1005"; VariantName = "[No Variations]"
Add component (AddParameter): Name = "Case/Package"; Value = "0402"; VariantName = "[No Variations]"
Add component (AddParameter): Name = "Max Operating Temperature"; Value = "125°C"; VariantName = "[No Variations]"
Add component (AddParameter): Name = "Min Operating Temperature"; Value = "-55°C"; VariantName = "[No Variations]"
Add component (AddParameter): Name = "Mount"; Value = "Surface Mount"; VariantName = "[No Variations]"
Add component (AddParameter): Name = "Packaging"; Value = "Cut Tape"; VariantName = "[No Variations]"
Add component (AddParameter): Name = "Ratings"; Value = "AEC-Q200"; VariantName = "[No Variations]"
Add component (AddParameter): Name = "Tolerance"; Value = "10%"; VariantName = "[No Variations]"
Add component (AddParameter): Name = "Voltage Rating"; Value = "16V"; VariantName = "[No Variations]"
Added Component: Designator=C66(CAPC1005X55X25LL05T10)
Add component (AddParameter): Name = "Manufacturer"; Value = "Murata"; VariantName = "[No Variations]"
Add component (AddParameter): Name = "Part Number"; Value = "GRM1555C1H270JA01D"; VariantName = "[No Variations]"
Added Pin To Net: NetName=GND Pin=C63-1
Added Pin To Net: NetName=+3V3A Pin=C63-2
Added Pin To Net: NetName=+3V3A Pin=C64-1
Added Pin To Net: NetName=GND Pin=C64-2
Added Pin To Net: NetName=+5 Pin=C65-1
Added Pin To Net: NetName=GND Pin=C65-2
Added Pin To Net: NetName=GND Pin=C66-1
Added Pin To Net: NetName=+5 Pin=C66-2
Added Pin To Net: NetName=NetANT1_1 Pin=ANT1-1
Added Pin To Net: NetName=NetANT1_1 Pin=ANT1-1
Added Pin To Net: NetName=NetANT1_1 Pin=C43-2
Added Pin To Net: NetName=NetANT1_1 Pin=C45-1
Added Pin To Net: NetName=NetANT1_1 Pin=C45-2
Added Pin To Net: NetName=NetANT1_1 Pin=U11-5
Added Net: Name=NetANT1_1
Added Member To Class: ClassName=Designator Member=Component ANT1 nfc_antenna
Added Member To Class: ClassName=Designator Member=Component B1 LDB182G8AAAEA050
Added Member To Class: ClassName=Designator Member=Component B2 LDB182G8AAAEA050
Added Member To Class: ClassName=Designator Member=Component C1 CC0603KRX7R7BB104
Added Member To Class: ClassName=Designator Member=Component C2 CC0603KRX7R7BB104
Added Member To Class: ClassName=Designator Member=Component C3 CC0603KRX7R7BB104
Added Member To Class: ClassName=Designator Member=Component C4 CC0603KRX7R7BB104
Added Member To Class: ClassName=Designator Member=Component C5 CC0603KRX7R7BB104
Added Member To Class: ClassName=Designator Member=Component C6 CC0603KRX7R7BB104
Added Member To Class: ClassName=Designator Member=Component C7 CC0603KRX7R7BB104
Added Member To Class: ClassName=Designator Member=Component C8 CC0603KRX7R7BB104
Added Member To Class: ClassName=Designator Member=Component C9 CL10B105KP8NNNC
Added Member To Class: ClassName=Designator Member=Component C10 CL10B105KP8NNNC
Added Member To Class: ClassName=Designator Member=Component C11 CC0603KRX7R7BB104
Added Member To Class: ClassName=Designator Member=Component C12 CC0603KRX7R7BB104
Added Member To Class: ClassName=Designator Member=Component C13 CC0603KRX7R7BB104
Added Member To Class: ClassName=Designator Member=Component C14 GJM1555C1H150GB01D
Added Member To Class: ClassName=Designator Member=Component C15 GJM1555C1H150GB01D
Added Member To Class: ClassName=Designator Member=Component C16 GRM188R61A226ME15D
Added Member To Class: ClassName=Designator Member=Component C17 GRM155R61A106ME11D
Added Member To Class: ClassName=Designator Member=Component C18 GRM188R61A226ME15D
Added Member To Class: ClassName=Designator Member=Component C19 CL10B105KP8NNNC
Added Member To Class: ClassName=Designator Member=Component C20 GRM155R61A106ME11D
Added Member To Class: ClassName=Designator Member=Component C21 GRM155R61A106ME11D
Added Member To Class: ClassName=Designator Member=Component C22 GRM155R61A106ME11D
Added Member To Class: ClassName=Designator Member=Component C23 GRM155R61A106ME11D
Added Member To Class: ClassName=Designator Member=Component C24 CC0603KRX7R7BB104
Added Member To Class: ClassName=Designator Member=Component C25 CC0603KRX7R7BB104
Added Member To Class: ClassName=Designator Member=Component C26 CC0603KRX7R7BB104
Added Member To Class: ClassName=Designator Member=Component C27 CC0603KRX7R7BB104
Added Member To Class: ClassName=Designator Member=Component C28 CC0603KRX7R7BB104
Added Member To Class: ClassName=Designator Member=Component C29 CC0603KRX7R7BB104
Added Member To Class: ClassName=Designator Member=Component C30 CC0603KRX7R7BB104
Added Member To Class: ClassName=Designator Member=Component C31 CC0603KRX7R7BB104
Added Member To Class: ClassName=Designator Member=Component C32 CC0603KRX7R7BB104
Added Member To Class: ClassName=Designator Member=Component C33 CC0603KRX7R7BB104
Added Member To Class: ClassName=Designator Member=Component C34 GCM155R71C393KA37D
Added Member To Class: ClassName=Designator Member=Component C35 CC0402KPX7R9BB272
Added Member To Class: ClassName=Designator Member=Component C36 GCM1885C1H122JA16J
Added Member To Class: ClassName=Designator Member=Component C37 CC0603KRX7R7BB104
Added Member To Class: ClassName=Designator Member=Component C38 CC0402JRNPO9BN100
Added Member To Class: ClassName=Designator Member=Component C39 CC0603KRX7R7BB104
Added Member To Class: ClassName=Designator Member=Component C40 CC0402JRNPO9BN100
Added Member To Class: ClassName=Designator Member=Component C41 CC0603KRX7R7BB104
Added Member To Class: ClassName=Designator Member=Component C42 CC0402JRNPO9BN100
Added Member To Class: ClassName=Designator Member=Component C43 GRM1555C1H120GA01D
Added Member To Class: ClassName=Designator Member=Component C44 CL10B105KP8NNNC
Added Member To Class: ClassName=Designator Member=Component C45 GCM1555C1H620GA16J
Added Member To Class: ClassName=Designator Member=Component C46 CC0603KRX7R7BB104
Added Member To Class: ClassName=Designator Member=Component C47 GRM1555C1H270JA01D
Added Member To Class: ClassName=Designator Member=Component C48 GRM1555C1H270JA01D
Added Member To Class: ClassName=Designator Member=Component C49 1
Added Member To Class: ClassName=Designator Member=Component C50 GRM1555C1H270JA01D
Added Member To Class: ClassName=Designator Member=Component C51 CL10B105KP8NNNC
Added Member To Class: ClassName=Designator Member=Component C52 CC0603KRX7R7BB104
Added Member To Class: ClassName=Designator Member=Component C53 CL10B105KP8NNNC
Added Member To Class: ClassName=Designator Member=Component C54 CL10B105KP8NNNC
Added Member To Class: ClassName=Designator Member=Component C55 GRM155R71H102KA01D
Added Member To Class: ClassName=Designator Member=Component C56 GRM1555C1H101JA01D
Added Member To Class: ClassName=Designator Member=Component C57 GRM155R71H102KA01D
Added Member To Class: ClassName=Designator Member=Component C58 GRM1555C1H101JA01D
Added Member To Class: ClassName=Designator Member=Component C59 GRM155R71H102KA01D
Added Member To Class: ClassName=Designator Member=Component C60 GRM1555C1H101JA01D
Added Member To Class: ClassName=Designator Member=Component C61 CC0603KRX7R7BB104
Added Member To Class: ClassName=Designator Member=Component C62 CC0603KRX7R7BB104
Added Member To Class: ClassName=Designator Member=Component C63 1
Added Member To Class: ClassName=Designator Member=Component C64 GCM155R71C393KA37D
Added Member To Class: ClassName=Designator Member=Component C65 GCM155R71C393KA37D
Added Member To Class: ClassName=Designator Member=Component C66 1
Added Member To Class: ClassName=Designator Member=Component D1 CMD15-21VRD/TR8
Added Member To Class: ClassName=Designator Member=Component D2 CMD15-21VRD/TR8
Added Member To Class: ClassName=Designator Member=Component D3 CMD15-21VRD/TR8
Added Member To Class: ClassName=Designator Member=Component D4 CMD15-21VRD/TR8
Added Member To Class: ClassName=Designator Member=Component D5 CMD15-21VRD/TR8
Added Member To Class: ClassName=top Member=Component J1 GSB1C4621DS1HR
Added Member To Class: ClassName=top Member=Component J2 SMA-J-P-H-ST-EM1
Added Member To Class: ClassName=top Member=Component J3 SMA-J-P-H-ST-EM1
Added Member To Class: ClassName=Designator Member=Component J4 0022272031
Added Member To Class: ClassName=Designator Member=Component J5 0022272031
Added Member To Class: ClassName=Designator Member=Component L1 LQM21PN1R0NGRD
Added Member To Class: ClassName=Designator Member=Component L2 LQM21PN1R0NGRD
Added Member To Class: ClassName=Designator Member=Component L3 LQM21PN1R0NGRD
Added Member To Class: ClassName=Designator Member=Component L4 LQM21PN1R0NGRD
Added Member To Class: ClassName=Designator Member=Component L5 LQM21PN1R0NGRD
Added Member To Class: ClassName=Designator Member=Component R1 RK73H1JTTD91R0F
Added Member To Class: ClassName=Designator Member=Component R2 RC0603FR-071KL
Added Member To Class: ClassName=Designator Member=Component R3 RC0603FR-071KL
Added Member To Class: ClassName=Designator Member=Component R4 RC0402JR-0727RL
Added Member To Class: ClassName=Designator Member=Component R5 RC0402JR-0727RL
Added Member To Class: ClassName=Designator Member=Component R6 RT0402BRD07200RL
Added Member To Class: ClassName=Designator Member=Component R7 RC0603FR-071KL
Added Member To Class: ClassName=Designator Member=Component R8 RC0603FR-074K7L
Added Member To Class: ClassName=Designator Member=Component R9 RC0603FR-074K7L
Added Member To Class: ClassName=Designator Member=Component R10 RC0603FR-071KL
Added Member To Class: ClassName=Designator Member=Component R11 RT0402BRD07200KL
Added Member To Class: ClassName=Designator Member=Component R12 RT0402BRD07200RL
Added Member To Class: ClassName=Designator Member=Component R13 RT0402BRD07200KL
Added Member To Class: ClassName=Designator Member=Component R14 RC0402FR-07910KL
Added Member To Class: ClassName=Designator Member=Component R15 RT0402BRD07200RL
Added Member To Class: ClassName=Designator Member=Component R16 RT0402BRD07200RL
Added Member To Class: ClassName=Designator Member=Component R17 RT0402BRD07200RL
Added Member To Class: ClassName=Designator Member=Component R18 RC0402JR-07680RL
Added Member To Class: ClassName=Designator Member=Component R19 RC0603FR-074K7L
Added Member To Class: ClassName=Designator Member=Component R20 RC0603JR-07360RL
Added Member To Class: ClassName=Designator Member=Component R21 RC0603FR-074K7L
Added Member To Class: ClassName=Designator Member=Component R22 RT0402BRD07200RL
Added Member To Class: ClassName=Designator Member=Component R23 RC0603FR-074K7L
Added Member To Class: ClassName=Designator Member=Component R24 RC0603FR-074K7L
Added Member To Class: ClassName=Designator Member=Component S1 FSM4JSMA
Added Member To Class: ClassName=Designator Member=Component S2 FSM4JSMA
Added Member To Class: ClassName=Designator Member=Component TP1 Test Point
Added Member To Class: ClassName=Designator Member=Component TP2 Test Point
Added Member To Class: ClassName=Designator Member=Component TP3 Test Point
Added Member To Class: ClassName=Designator Member=Component TP4 Test Point
Added Member To Class: ClassName=Designator Member=Component TP5 Test Point
Added Member To Class: ClassName=Designator Member=Component TP6 Test Point
Added Member To Class: ClassName=Designator Member=Component TP7 Test Point
Added Member To Class: ClassName=Designator Member=Component TP8 Test Point
Added Member To Class: ClassName=Designator Member=Component TP9 Test Point
Added Member To Class: ClassName=Designator Member=Component TP10 Test Point
Added Member To Class: ClassName=Designator Member=Component TP11 Test Point
Added Member To Class: ClassName=Designator Member=Component TP12 Test Point
Added Member To Class: ClassName=Designator Member=Component TP13 Test Point
Added Member To Class: ClassName=Designator Member=Component U1 rp2040
Added Member To Class: ClassName=Designator Member=Component U2 W25Q128JVSIQ
Added Member To Class: ClassName=Designator Member=Component U3 HDC2010YPAR
Added Member To Class: ClassName=Designator Member=Component U4 TUSB320LAIRWBR
Added Member To Class: ClassName=Designator Member=Component U5 AP7375-50W5-7
Added Member To Class: ClassName=Designator Member=Component U6 TLV73333PDBVR
Added Member To Class: ClassName=Designator Member=Component U7 TLV73333PDBVR
Added Member To Class: ClassName=Designator Member=Component U8 ADF4351BCPZ-RL7
Added Member To Class: ClassName=Designator Member=Component U9 ADL5380ACPZ-R7
Added Member To Class: ClassName=Designator Member=Component U10 ADS7945SRTER
Added Member To Class: ClassName=Designator Member=Component U11 ST25DV64KC-JF6D3
Added Member To Class: ClassName=Designator Member=Component U12 TPS631000DRLR
Added Member To Class: ClassName=Designator Member=Component X1 ABM8-272-T3
Added Member To Class: ClassName=Designator Member=Component Y1 LMK6CE02500DDLFT
