Removed Member From Class: ClassName=Designator Member=ANT1
Removed Member From Class: ClassName=Designator Member=B1
Removed Member From Class: ClassName=Designator Member=B2
Removed Member From Class: ClassName=Designator Member=C16
Removed Member From Class: ClassName=Designator Member=C17
Removed Member From Class: ClassName=Designator Member=C18
Removed Member From Class: ClassName=Designator Member=C19
Removed Member From Class: ClassName=Designator Member=C20
Removed Member From Class: ClassName=Designator Member=C21
Removed Member From Class: ClassName=Designator Member=C22
Removed Member From Class: ClassName=Designator Member=C23
Removed Member From Class: ClassName=Designator Member=C24
Removed Member From Class: ClassName=Designator Member=C25
Removed Member From Class: ClassName=Designator Member=C26
Removed Member From Class: ClassName=Designator Member=C27
Removed Member From Class: ClassName=Designator Member=C28
Removed Member From Class: ClassName=Designator Member=C29
Removed Member From Class: ClassName=Designator Member=C30
Removed Member From Class: ClassName=Designator Member=C31
Removed Member From Class: ClassName=Designator Member=C32
Removed Member From Class: ClassName=Designator Member=C33
Removed Member From Class: ClassName=Designator Member=C34
Removed Member From Class: ClassName=Designator Member=C35
Removed Member From Class: ClassName=Designator Member=C36
Removed Member From Class: ClassName=Designator Member=C37
Removed Member From Class: ClassName=Designator Member=C38
Removed Member From Class: ClassName=Designator Member=C39
Removed Member From Class: ClassName=Designator Member=C40
Removed Member From Class: ClassName=Designator Member=C41
Removed Member From Class: ClassName=Designator Member=C42
Removed Member From Class: ClassName=Designator Member=C43
Removed Member From Class: ClassName=Designator Member=C44
Removed Member From Class: ClassName=Designator Member=C45
Removed Member From Class: ClassName=Designator Member=C46
Removed Member From Class: ClassName=Designator Member=C47
Removed Member From Class: ClassName=Designator Member=C48
Removed Member From Class: ClassName=Designator Member=C49
Removed Member From Class: ClassName=Designator Member=C50
Removed Member From Class: ClassName=Designator Member=C51
Removed Member From Class: ClassName=Designator Member=C52
Removed Member From Class: ClassName=Designator Member=C53
Removed Member From Class: ClassName=Designator Member=C54
Removed Member From Class: ClassName=Designator Member=C55
Removed Member From Class: ClassName=Designator Member=C56
Removed Member From Class: ClassName=Designator Member=C57
Removed Member From Class: ClassName=Designator Member=C58
Removed Member From Class: ClassName=Designator Member=C59
Removed Member From Class: ClassName=Designator Member=C60
Removed Member From Class: ClassName=Designator Member=C62
Removed Member From Class: ClassName=Designator Member=C63
Removed Member From Class: ClassName=Designator Member=C64
Removed Member From Class: ClassName=Designator Member=C65
Removed Member From Class: ClassName=Designator Member=C66
Removed Member From Class: ClassName=Designator Member=D2
Removed Member From Class: ClassName=Designator Member=D3
Removed Member From Class: ClassName=Designator Member=D4
Removed Member From Class: ClassName=Designator Member=D5
Removed Member From Class: ClassName=Designator Member=L1
Removed Member From Class: ClassName=Designator Member=L2
Removed Member From Class: ClassName=Designator Member=L3
Removed Member From Class: ClassName=Designator Member=L4
Removed Member From Class: ClassName=Designator Member=L5
Removed Member From Class: ClassName=Designator Member=R1
Removed Member From Class: ClassName=Designator Member=R2
Removed Member From Class: ClassName=Designator Member=R11
Removed Member From Class: ClassName=Designator Member=R12
Removed Member From Class: ClassName=Designator Member=R13
Removed Member From Class: ClassName=Designator Member=R14
Removed Member From Class: ClassName=Designator Member=R15
Removed Member From Class: ClassName=Designator Member=R16
Removed Member From Class: ClassName=Designator Member=R17
Removed Member From Class: ClassName=Designator Member=R18
Removed Member From Class: ClassName=Designator Member=R19
Removed Member From Class: ClassName=Designator Member=R20
Removed Member From Class: ClassName=Designator Member=R21
Removed Member From Class: ClassName=Designator Member=R22
Removed Member From Class: ClassName=Designator Member=R23
Removed Member From Class: ClassName=Designator Member=R24
Removed Member From Class: ClassName=Designator Member=TP4
Removed Member From Class: ClassName=Designator Member=TP5
Removed Member From Class: ClassName=Designator Member=TP6
Removed Member From Class: ClassName=Designator Member=TP7
Removed Member From Class: ClassName=Designator Member=TP8
Removed Member From Class: ClassName=Designator Member=TP9
Removed Member From Class: ClassName=Designator Member=TP10
Removed Member From Class: ClassName=Designator Member=TP11
Removed Member From Class: ClassName=Designator Member=TP12
Removed Member From Class: ClassName=Designator Member=TP13
Removed Member From Class: ClassName=Designator Member=U4
Removed Member From Class: ClassName=Designator Member=U5
Removed Member From Class: ClassName=Designator Member=U6
Removed Member From Class: ClassName=Designator Member=U7
Removed Member From Class: ClassName=Designator Member=U8
Removed Member From Class: ClassName=Designator Member=U9
Removed Member From Class: ClassName=Designator Member=U10
Removed Member From Class: ClassName=Designator Member=U11
Removed Member From Class: ClassName=Designator Member=U12
Removed Member From Class: ClassName=Designator Member=Y1
Change Component Comment : Designator=Y1 Old Comment=LMK6CE02500DDLFT New Comment=LMK6CE02500CDLFR
Add Class: Class already exists: Designator
Add Class: Class already exists: Designator
Add Class: Class already exists: Designator
Add Class: Class already exists: Designator
Add Class: Class already exists: Designator
